=== RAPPORT DES DÉPÔTS / LIENS MANQUANTS OU INACCESSIBLES ===

- Dépôt/Release GitHub introuvable ou inaccessible (A53 1.00-11.40 Experimental KS-D) : nexgen999/PS5-Super-PLDMGR-Auto-Updater
- Dépôt/Release GitHub introuvable ou inaccessible (A53 11.60 only Experimental KS-D) : nexgen999/PS5-Super-PLDMGR-Auto-Updater
- Dépôt/Release GitHub introuvable ou inaccessible (A53-Kstuff-ShadowMountPlus-3in1_SoNic-AIO_Experimental) : nexgen999/PS5-Super-PLDMGR-Auto-Updater
- Dépôt/Release GitHub introuvable ou inaccessible (A53-kstuff-SMP_SoNic-AIO_Experimental) : nexgen999/PS5-Super-PLDMGR-Auto-Updater
- Dépôt/Release GitHub introuvable ou inaccessible (BFpilot) : ItsBlurf/BFpilo
- Dépôt/Release GitHub introuvable ou inaccessible (Ghostcontrol-PS5-USB-Controller-Patcher) : StonedModder/Ghostcontrol-PS5-USB-Controller-Patcher
- Dépôt/Release GitHub introuvable ou inaccessible (Ghostpad) : StonedModder/Ghostpad
- Dépôt/Release GitHub introuvable ou inaccessible (Kstuff-NG_EchoStrech_Experimental) : nexgen999/PS5-Super-PLDMGR-Auto-Updater
- Dépôt/Release GitHub introuvable ou inaccessible (PS5-Power-Payloads-Project) : MasterPS0/PS5-Power-Payloads-Projec
- Dépôt/Release GitHub introuvable ou inaccessible (fan_target) : drakmor/fan_targe
- Dépôt/Release GitHub introuvable ou inaccessible (ghost-toothAPI) : nexgen999/PS5-Super-PLDMGR-Auto-Updater
- Dépôt/Release GitHub introuvable ou inaccessible (kstuff_Darkmor_Experimental) : nexgen999/PS5-Super-PLDMGR-Auto-Updater
- Dépôt/Release GitHub introuvable ou inaccessible (ps5-ezremote-client) : cy33hc/ps5-ezremote-clien
- Erreur API Forgejo 404/Inaccessible (ELF Arsenal) : https://git.etawen.dev/soniciso/elf-arsenal
- Erreur API Forgejo 404/Inaccessible (garlic-savemgr) : https://git.etawen.dev/earthonion/garlic-savemgr
- Erreur API Forgejo 404/Inaccessible (garlic-worker) : https://git.etawen.dev/earthonion/garlic-worker
- Erreur API Forgejo 404/Inaccessible (np-fake-signin) : https://git.etawen.dev/earthonion/np-fake-signin
- Erreur API Forgejo 404/Inaccessible (uds-trophy-unlocker) : https://git.etawen.dev/soniciso/uds-trophy-unlocker
- Source fixe introuvable (A53 1.00-11.40 Experimental KS-D) : https://github.com/nexgen999/PS5-Super-PLDMGR-Auto-Updater/blob/main/Internal/payloads/beta/a53_ppr/a53_ppr_install_1140_20.09.elf
- Source fixe introuvable (A53 11.60 only Experimental KS-D) : https://github.com/nexgen999/PS5-Super-PLDMGR-Auto-Updater/blob/main/Internal/payloads/beta/a53_ppr/a53_ppr_install_1160_20.09.elf
- Source fixe introuvable (A53-Kstuff-ShadowMountPlus-3in1_SoNic-AIO_Experimental) : https://github.com/nexgen999/PS5-Super-PLDMGR-Auto-Updater/blob/main/Internal/payloads/beta/SoNic-AIO/A53-Kstuff-ShadowMountPlus-3in1.elf
- Source fixe introuvable (A53-kstuff-SMP_SoNic-AIO_Experimental) : https://github.com/nexgen999/PS5-Super-PLDMGR-Auto-Updater/blob/main/Internal/payloads/beta/SoNic-AIO/A53-kstuff-SMP.elf
- Source fixe introuvable (Kstuff-NG_EchoStrech_Experimental) : https://github.com/nexgen999/PS5-Super-PLDMGR-Auto-Updater/blob/main/Internal/payloads/beta/Kstuff-NG/Kstuff-NG_v1.00.elf
- Source fixe introuvable (ghost-toothAPI) : https://github.com/nexgen999/PS5-Super-PLDMGR-Auto-Updater/blob/main/Internal/payloads/ps5_utility/ghost-toothAPI/ghost-toothAPI.elf
- Source fixe introuvable (kstuff_Darkmor_Experimental) : https://github.com/nexgen999/PS5-Super-PLDMGR-Auto-Updater/blob/main/Internal/payloads/beta/Kstuff-Darkmor/kstuff-1.13-fpkg-dr-test3.elf
